com/downkombat/ui/HealthBar.class
com/downkombat/combat/SpecialAttack.class
com/downkombat/animation/AnimationState.class
com/downkombat/combat/DefaultPunch.class
com/downkombat/combat/projectiles/CarManager.class
com/downkombat/fighters/Fighter$1.class
com/downkombat/Main.class
com/downkombat/combat/attacks/TransformationAttack.class
com/downkombat/combat/attacks/NepalShieldAttack.class
com/downkombat/engine/GameLoop.class
com/downkombat/combat/attacks/UberFailAttack.class
com/downkombat/audio/SoundManager.class
com/downkombat/fighters/CharacterType.class
com/downkombat/fighters/FighterFactory$1.class
com/downkombat/combat/attacks/MolarAttack.class
com/downkombat/game/GameState.class
com/downkombat/input/InputHandler.class
com/downkombat/game/FightManager.class
com/downkombat/fighters/Fighter.class
com/downkombat/game/CharacterSelectScene.class
com/downkombat/game/GameScene.class
com/downkombat/fighters/FighterFactory.class
com/downkombat/combat/projectiles/ProjectileManager.class
com/downkombat/animation/AnimationPlayer.class
com/downkombat/combat/Attack.class
com/downkombat/combat/projectiles/Projectile.class
com/downkombat/config/GameConfig.class
com/downkombat/combat/projectiles/Car.class
com/downkombat/animation/AnimationLoader.class
com/downkombat/ui/select/MapsSelectController.class
com/downkombat/menuinicio/MenuInicio.class
com/downkombat/ui/select/CharacterSelectController.class
com/downkombat/tutorial/Tutorial.class
