/Users/irenepascual/Documents/Proyectos/down-kombat/src/main/java/com/downkombat/audio/SoundManager.java
/Users/irenepascual/Documents/Proyectos/down-kombat/src/main/java/com/downkombat/combat/attacks/UberFailAttack.java
/Users/irenepascual/Documents/Proyectos/down-kombat/src/main/java/com/downkombat/input/InputHandler.java
/Users/irenepascual/Documents/Proyectos/down-kombat/src/main/java/com/downkombat/combat/Attack.java
/Users/irenepascual/Documents/Proyectos/down-kombat/src/main/java/com/downkombat/combat/projectiles/CarManager.java
/Users/irenepascual/Documents/Proyectos/down-kombat/src/main/java/com/downkombat/combat/projectiles/Car.java
/Users/irenepascual/Documents/Proyectos/down-kombat/src/main/java/com/downkombat/game/CharacterSelectScene.java
/Users/irenepascual/Documents/Proyectos/down-kombat/src/main/java/com/downkombat/menuinicio/MenuInicio.java
/Users/irenepascual/Documents/Proyectos/down-kombat/src/main/java/com/downkombat/Main.java
/Users/irenepascual/Documents/Proyectos/down-kombat/src/main/java/com/downkombat/game/FightManager.java
/Users/irenepascual/Documents/Proyectos/down-kombat/src/main/java/com/downkombat/animation/AnimationPlayer.java
/Users/irenepascual/Documents/Proyectos/down-kombat/src/main/java/com/downkombat/game/GameState.java
/Users/irenepascual/Documents/Proyectos/down-kombat/src/main/java/com/downkombat/ui/HealthBar.java
/Users/irenepascual/Documents/Proyectos/down-kombat/src/main/java/com/downkombat/animation/AnimationLoader.java
/Users/irenepascual/Documents/Proyectos/down-kombat/src/main/java/com/downkombat/combat/SpecialAttack.java
/Users/irenepascual/Documents/Proyectos/down-kombat/src/main/java/com/downkombat/ui/select/CharacterSelectController.java
/Users/irenepascual/Documents/Proyectos/down-kombat/src/main/java/com/downkombat/combat/attacks/MolarAttack.java
/Users/irenepascual/Documents/Proyectos/down-kombat/src/main/java/com/downkombat/combat/DefaultPunch.java
/Users/irenepascual/Documents/Proyectos/down-kombat/src/main/java/com/downkombat/combat/attacks/TransformationAttack.java
/Users/irenepascual/Documents/Proyectos/down-kombat/src/main/java/com/downkombat/config/GameConfig.java
/Users/irenepascual/Documents/Proyectos/down-kombat/src/main/java/com/downkombat/engine/GameLoop.java
/Users/irenepascual/Documents/Proyectos/down-kombat/src/main/java/com/downkombat/fighters/Fighter.java
/Users/irenepascual/Documents/Proyectos/down-kombat/src/main/java/com/downkombat/fighters/FighterFactory.java
/Users/irenepascual/Documents/Proyectos/down-kombat/src/main/java/com/downkombat/game/GameScene.java
/Users/irenepascual/Documents/Proyectos/down-kombat/src/main/java/com/downkombat/ui/select/MapsSelectController.java
/Users/irenepascual/Documents/Proyectos/down-kombat/src/main/java/com/downkombat/tutorial/Tutorial.java
/Users/irenepascual/Documents/Proyectos/down-kombat/src/main/java/com/downkombat/combat/attacks/NepalShieldAttack.java
/Users/irenepascual/Documents/Proyectos/down-kombat/src/main/java/com/downkombat/fighters/CharacterType.java
/Users/irenepascual/Documents/Proyectos/down-kombat/src/main/java/com/downkombat/animation/AnimationState.java
/Users/irenepascual/Documents/Proyectos/down-kombat/src/main/java/com/downkombat/combat/projectiles/Projectile.java
/Users/irenepascual/Documents/Proyectos/down-kombat/src/main/java/com/downkombat/combat/projectiles/ProjectileManager.java
